   1  js/config.js
   3  js/crashreport.js
  38  js/dialogs.js
   5  js/historycomplete.js
   4  js/importtranslators.js
   2  js/log.js
   7  js/prefs.js
   1  js/runtimestore.js
  68  js/storage.js
   1  js/templates.js
   1  js/tooltip.js
  24  js/utils.js
 133  js/widgetserver.js
  15  js/thumbmaker/bg.js
   2  js/thumbmaker/tab.js
   4  js/thumbmanager/bg.js
   7  js/thumbmanager/tab.js
  19  js/newtab/apps.js
   3  js/newtab/autocompleteplus.js
   1  js/newtab/background.js
  14  js/newtab/contextmenus.js
   3  js/newtab/css.js
   4  js/newtab/introduction.js
   1  js/newtab/light_collapsed_message.js
   1  js/newtab/remotead.js
   1  js/newtab/scrolling.js
   4  js/newtab/search.js
   2  js/newtab/searchoverlay.js
  87  js/newtab/speeddial.js
  21  js/newtab/speeddial_misc.js
   9  js/newtab/widgets.js
  31  js/newtab/speeddial/builder.js
   9  js/newtab/speeddial/draganddrop.js
   4  js/newtab/widgets/builder.js
  10  js/newtab/dialogs/simple-dialog.js
   1  js/newtab/mods/amazon-info.js
   1  js/newtab/mods/amazon-url.js
   1  js/newtab/mods/bottom-text.js
   1  js/newtab/mods/dial-search.js
 280  js/newtab/mods/ondialsearch-base.js
   2  js/newtab/mods/ondialsearch.js
   1  js/newtab/mods/parallax-offer-message.js
   2  js/newtab/contextmenu/dhtmlxmenu.js
   9  js/controls/scroll.js
  17  js/options/options.js
   2  js/options/poweroff.js
   1  js/bg/analytics.js
   1  js/bg/contextmenu.js
   3  js/bg/google-analytics.js
  19  js/bg/serverdialsModule.js
   1  js/bg/sessions.js
   1  js/bg/thumb_updater.js
  16  js/bg/updatedialsModule.js
   2  js/bg/v2vmigrations.js
   2  js/bg/welcome.js
  17  js/sync/bg.js
   1  js/sync/tab.js
   4  js/sync/user.js
  11  js/capture/hiddencapture.js
   1  js/capture/tab.js
   2  js/storage/apps.js
   2  js/storage/bglistener.js
   2  js/storage/database.js
  10  js/storage/filesystem.js
   7  js/storage/init.js
   8  js/storage/mostvisited.js
   3  js/storage/recentlyclosed.js
   7  js/storage/tab.js
   1  worker.js

Итого переведено комментариев: 979 (файлов обработано: 98)
